SRR867061	0	45
SRR867061	0	45
SRR867131	22	50
SRR867131	22	50
