COLOR_MATRIX: 0, 1, 2, 3, 4, 1, 0, 3, 2, 4, 2, 3, 0, 1, 4, 3, 2, 1, 0, 4, 4, 4, 4, 4, 4
      CS_KEY: T
   CS_NATIVE: false
       LABEL: reference
   LABEL_LEN: 9
 LABEL_START: 0
 MIN_SPOT_ID: 1
   RD_FILTER: SRA_READ_FILTER_PASS
 READ_FILTER: SRA_READ_FILTER_PASS
  READ_START: 0
   READ_TYPE: SRA_READ_TYPE_BIOLOGICAL|SRA_READ_TYPE_FORWARD
 SPOT_FILTER: 0
  SPOT_GROUP: first value
     SPOT_ID: 1
  TRIM_START: 0

COLOR_MATRIX: 0, 1, 2, 3, 4, 1, 0, 3, 2, 4, 2, 3, 0, 1, 4, 3, 2, 1, 0, 4, 4, 4, 4, 4, 4
      CS_KEY: T
   CS_NATIVE: false
       LABEL: reference
   LABEL_LEN: 9
 LABEL_START: 0
 MIN_SPOT_ID: 1
   RD_FILTER: SRA_READ_FILTER_PASS
 READ_FILTER: SRA_READ_FILTER_PASS
  READ_START: 0
   READ_TYPE: SRA_READ_TYPE_BIOLOGICAL|SRA_READ_TYPE_FORWARD
 SPOT_FILTER: 0
  SPOT_GROUP: first default
     SPOT_ID: 2
  TRIM_START: 0

COLOR_MATRIX: 0, 1, 2, 3, 4, 1, 0, 3, 2, 4, 2, 3, 0, 1, 4, 3, 2, 1, 0, 4, 4, 4, 4, 4, 4
      CS_KEY: T
   CS_NATIVE: false
       LABEL: reference
   LABEL_LEN: 9
 LABEL_START: 0
 MIN_SPOT_ID: 1
   RD_FILTER: SRA_READ_FILTER_PASS
 READ_FILTER: SRA_READ_FILTER_PASS
  READ_START: 0
   READ_TYPE: SRA_READ_TYPE_BIOLOGICAL|SRA_READ_TYPE_FORWARD
 SPOT_FILTER: 0
  SPOT_GROUP: first default
     SPOT_ID: 3
  TRIM_START: 0

COLOR_MATRIX: 0, 1, 2, 3, 4, 1, 0, 3, 2, 4, 2, 3, 0, 1, 4, 3, 2, 1, 0, 4, 4, 4, 4, 4, 4
      CS_KEY: T
   CS_NATIVE: false
       LABEL: reference
   LABEL_LEN: 9
 LABEL_START: 0
 MIN_SPOT_ID: 1
   RD_FILTER: SRA_READ_FILTER_PASS
 READ_FILTER: SRA_READ_FILTER_PASS
  READ_START: 0
   READ_TYPE: SRA_READ_TYPE_BIOLOGICAL|SRA_READ_TYPE_FORWARD
 SPOT_FILTER: 0
  SPOT_GROUP: second value
     SPOT_ID: 4
  TRIM_START: 0

COLOR_MATRIX: 0, 1, 2, 3, 4, 1, 0, 3, 2, 4, 2, 3, 0, 1, 4, 3, 2, 1, 0, 4, 4, 4, 4, 4, 4
      CS_KEY: T
   CS_NATIVE: false
       LABEL: reference
   LABEL_LEN: 9
 LABEL_START: 0
 MIN_SPOT_ID: 1
   RD_FILTER: SRA_READ_FILTER_PASS
 READ_FILTER: SRA_READ_FILTER_PASS
  READ_START: 0
   READ_TYPE: SRA_READ_TYPE_BIOLOGICAL|SRA_READ_TYPE_FORWARD
 SPOT_FILTER: 0
  SPOT_GROUP: second default
     SPOT_ID: 5
  TRIM_START: 0

