general-loader err: general-loader: error "something is wrong"
general-loader err: error exists while reading file - load failed
