<formatter name="some software" vers="9.8.7654"/>
