Usage: dump-ref-fasta accession [ reference[ slice ] ] ... 




Usage:
  dump-ref-fasta [options] accession [ reference[ slice ] ] ... 

Options:
  -l|--localref                    Skip non-local references. 
  -h|--help                        Output brief explanation for the program. 
  -v|-V|--version                  Display the version of the program then
                                   quit.
