>NW_003336815.1
GCGCCTCAGCGAGGGGCGTCGAGGTCGCGATCAGACACCAGCAGGATGGAACGCACAACGCGGCAGTCCA
AACGACGAAAGCTCGGTCGAGGAGCCCAATGGGCCGATACCATCTAACCCCATACCAACGGGCACCCAAG
CCCTGCCTGAACCTATGGCGGACCGGGAGCAGGGGGAGCACCCGGGAGTGGTGGTGATCCTGCCGCTCCG
GGACTTCAACTGCCCCCTATGTGGCGGGTCGGCGAGCACGGCGGTGAAAGTGCAAAGACACTTTGCATTT
CGCCACGGAACAGTGCCCGTTAGATTCAGCTGTGAATCATGTGGAAAAACCTCTCCGGGTTGCCATTCCG
TCCTCTGTCACATTCCGAAATGTCGCGGACCGACAGGCGAGCCGCCTGAGAAAGTGGTTAAGTGCGAGGG
ATGCAGTAGGACATTTGACACAAGGAGAGCGTGTAGTATACATGAGATGCACGTCCACTCAGAAATCCGC
AATAGGAAAAGAATTGCTCAAGACAGGCAAGAAAAAGGGACCTCGACAGATGGAGAGGGGAGAGCTGGAG
TCGAAAGGGCTGACGCTGGGGAAGGTCCCTCTGGGGAAGGGATCCCCCCTAAACGTCCCAGACGTGCGAG
AACGCCCAGAGAACCGTCTGAGCCCCCCGCGAATCCGCCGATTCTCTCGCCACAACCCGATCTGCCCCCA
GGAGGCCTCCGGGACCTACTCCGGGAGGTGGCCAGTGGGTGGGTAAGGGCAGCGAGAGACGGAGGTACGG
TGATTGACAGCGTGCTCGCAGCATGGTTGGATGGCAACGATCGGCTCCCTGAGCTGGTTGACGCGGCGAC
GCAAAGGACACTGCAGGGCTTACCTGCAGGGAGGTTGGCCCGAAGACCCGCAACTTTTGTTGCGCCTAAC
CAGAGGAGAGGCAGGTGGGGGCGCCGGCTCAAACTGCTCGCTAAGCGCCGCGCCTACCACGATTGCCAAA
TTCAGTTCCGAAAAGACCCAGCCCGCCTAGCCGCGAACATCCTAGACGGAAGAAGCAAATTGAGGTGCCC
AATCAATAAAGAAGCGATTCATGAGCACTTTCGAAACAAATGGGCAAATCCAAGTCCATTTGGTGGGCTG
GGACGATTTGGGACGGAAGAAA
