>NW_003336815.1
TGGGCCGATACCATCTAACCCCATACCAACGGGCACCCAAGCCCTGCCTGAACCTATGGCGGACCGGGAG
CAGGGGGAGCACCCGGGAGTGGTGGTGATCCTGCCGCTCCGGGACTTCAACTGCCCCCTATGTGGCGGGT
CGGCGAGCACGGCGGTGAAAGTGCAAAGACACTTTGCATTTCGCCACGGAACAGTGCCCGTTAGATTCAG
CTGTGAATCATGTGGAAAAACCTCTCCGGGTTGCCATTCCGTCCTCTGTCACATTCCGAAATGTCGCGGA
CCGACAGGCGAGCCGCCTGAGAAAGTGGTTAAGTGCGAGGGATGCAGTAGGACATTTGACACAAGGAGAG
CGTGTAGTATACATGAGATGCACGTCCACTCAGAAATCCGCAATAGGAAAAGAATTGCTCAAGACAGGCA
AGAAAAAGGGACCTCGACAGATGGAGAGGGGAGAGCTGGAGTCGAAAGGGCTGACGCTGGGGAAGGTCCC
TCTGGGGAAGGGATCCCCCCTAAACGTCCCAGACGTGCGAGAACGCCCAGAGAACCGTCTGAGCCCCCCG
CGAATCCGCCGATTCTCTCGCCACAACCCGATCTGCCCCCAGGAGGCCTCCGGGACCTACTCCGGGAGGT
GGCCAGTGGGTGGGTAAGGGCAGCGAGAGACGGAGGTACGGTGATTGACAGCGTGCTCGCAGCATGGTTG
GATGGCAACGATCGGCTCCCTGAGCTGGTTGACGCGGCGACGCAAAGGACACTGCAGGGCTTACCTGCAG
GGAGGTTGGCCCGAAGACCCGCAACTTTTGTTGCGCCTAACCAGAGGAGAGGCAGGTGGGGGCGCCGGCT
CAAACTGCTCGCTAAGCGCCGCGCCTACCACGATTGCCAAATTCAGTTCCGAAAAGACCCAGCCCGCCTA
GCCGCGAACATCCTAGACGGAAGAAGCAAATTGAGGTGCCCAATCAATAAAGAAGCGATTCATGAGCACT
TTCGAAACAAATGGGCAAATCCAAGTCCATTTGGTGGGCTGGGACGATTTGGGACGGAAGAAA
