>NW_003336837.1
CTGCTGCCGCTGATAATCTACAGGTGCTTTAGGAAGAGCTGTCGCTGCTCATGTACATGCAGAAAAGTAC
ATAGAGTGTGTGTGTGTGTGTGTGTGTGTG
>NW_003336815.1
GCGCCTCAGCGAGGGGCGTCGAGGTCGCGATCAGACACCAGCAGGATGGAACGCACAACGCGGCAGTCCA
AACGACGAAAGCTCGGTCGAGGAGCCCAAT
