>NW_003336837.1
CTGCTGCCGCTGATAATCTACAGGTGCTTTAGGAAGAGCTGTCGCTGCTCATGTACATGCAGAAAAGTAC
ATAGAGTGTGTGTGTGTGTGTGTGTGTGTG
