      NAME: 
NAME_RANGE: 

      NAME: a
NAME_RANGE: 

      NAME: a
NAME_RANGE: 

      NAME: a
NAME_RANGE: 

      NAME: A
NAME_RANGE: 

      NAME: 
NAME_RANGE: 

      NAME: b
NAME_RANGE: 

