      NAME: abcdefghi
NAME_RANGE: 

      NAME: abcdefghi
NAME_RANGE: 

      NAME: abcdefGHI
NAME_RANGE: 

      NAME: ABcdefghi
NAME_RANGE: 

